]0;/home/theo/GitHub/jr-packages/jrAdvPackage]0;theo@theo-Inspiron-5570: ~/GitHub/jr-packages/jrAdvPackage[01;32mtheo@theo-Inspiron-5570[00m:[01;34m~/GitHub/jr-packages/jrAdvPackage[00m$ git init
Initialised empty Git repository in /home/theo/GitHub/jr-packages/jrAdvPackage/.git/
]0;/home/theo/GitHub/jr-packages/jrAdvPackage]0;theo@theo-Inspiron-5570: ~/GitHub/jr-packages/jrAdvPackage[01;32mtheo@theo-Inspiron-5570[00m:[01;34m~/GitHub/jr-packages/jrAdvPackage[00m$ git commit  -m ""f"i"r"s"t" "c"o"m"m"i"t" "f"o"r" "b"e"s"p"o"k"e" "a"d"v"a"n"c"e"d" "/" "R" "p"a"c"k"a"e"[1P"g"e" "c"o"u"r"s"e"
On branch master

Initial commit

Untracked files:
	[31m.Rbuildignore[m
	[31m.Rproj.user/[m
	[31mDESCRIPTION[m
	[31mNAMESPACE[m
	[31mR/[m
	[31mREADME.Rmd[m
	[31mjrAdvPackage.Rproj[m
	[31mman/[m
	[31mvignettes/[m

nothing added to commit but untracked files present
]0;/home/theo/GitHub/jr-packages/jrAdvPackage]0;theo@theo-Inspiron-5570: ~/GitHub/jr-packages/jrAdvPackage[01;32mtheo@theo-Inspiron-5570[00m:[01;34m~/GitHub/jr-packages/jrAdvPackage[00m$ git remote aadd origin https://github.com/jr-packages/jrAdvPackage.git
]0;/home/theo/GitHub/jr-packages/jrAdvPackage]0;theo@theo-Inspiron-5570: ~/GitHub/jr-packages/jrAdvPackage[01;32mtheo@theo-Inspiron-5570[00m:[01;34m~/GitHub/jr-packages/jrAdvPackage[00m$ git push -u  remote [K[K[K[K[K[K[Korigin master
error: src refspec master does not match any.
error: failed to push some refs to 'https://github.com/jr-packages/jrAdvPackage.git'
]0;/home/theo/GitHub/jr-packages/jrAdvPackage]0;theo@theo-Inspiron-5570: ~/GitHub/jr-packages/jrAdvPackage[01;32mtheo@theo-Inspiron-5570[00m:[01;34m~/GitHub/jr-packages/jrAdvPackage[00m$ [K]0;theo@theo-Inspiron-5570: ~/GitHub/jr-packages/jrAdvPackage[01;32mtheo@theo-Inspiron-5570[00m:[01;34m~/GitHub/jr-packages/jrAdvPackage[00m$ git [K remote  -m[Kv
origin	https://github.com/jr-packages/jrAdvPackage.git (fetch)
origin	https://github.com/jr-packages/jrAdvPackage.git (push)
]0;/home/theo/GitHub/jr-packages/jrAdvPackage]0;theo@theo-Inspiron-5570: ~/GitHub/jr-packages/jrAdvPackage[01;32mtheo@theo-Inspiron-5570[00m:[01;34m~/GitHub/jr-packages/jrAdvPackage[00m$ git push 
fatal: The current branch master has no upstream branch.
To push the current branch and set the remote as upstream, use

    git push --set-upstream origin master

]0;/home/theo/GitHub/jr-packages/jrAdvPackage]0;theo@theo-Inspiron-5570: ~/GitHub/jr-packages/jrAdvPackage[01;32mtheo@theo-Inspiron-5570[00m:[01;34m~/GitHub/jr-packages/jrAdvPackage[00m$ git push iu  origin maser[K[Kter
error: src refspec origin does not match any.
error: src refspec master does not match any.
error: failed to push some refs to 'iu'
]0;/home/theo/GitHub/jr-packages/jrAdvPackage]0;theo@theo-Inspiron-5570: ~/GitHub/jr-packages/jrAdvPackage[01;32mtheo@theo-Inspiron-5570[00m:[01;34m~/GitHub/jr-packages/jrAdvPackage[00m$ git push iu  origin master[A[C[C[C[C[C[C[C[C[C[C[C[C[C[C[C[C[C[C[C[C[C[C[C[C[C[C[C[C[C[C[C[C[C[C[C[C[C[C[C[C[C[C[C[C[C[C[C[C[C[C[C[C[C[C[C[C[C[C[C[C[C[C[C[C[C[C[C[C[C[C[C[C[C[Cu o[1P[A]0;theo@theo-Inspiron-5570: ~/GitHub/jr-packages/jrAdvPackage[01;32mtheo@theo-Inspiron-5570[00m:[01;34m~/GitHub/jr-packages/jrAdvPackage[00m$ [C[C[C[C[C[C[C[C[C-u [1@o[A]0;theo@theo-Inspiron-5570: ~/GitHub/jr-packages/jrAdvPackage[01;32mtheo@theo-Inspiron-5570[00m:[01;34m~/GitHub/jr-packages/jrAdvPackage[00m$ [C[C[C[C[C[C[C[C[C[C

error: src refspec master does not match any.
error: failed to push some refs to 'https://github.com/jr-packages/jrAdvPackage.git'
]0;/home/theo/GitHub/jr-packages/jrAdvPackage]0;theo@theo-Inspiron-5570: ~/GitHub/jr-packages/jrAdvPackage[01;32mtheo@theo-Inspiron-5570[00m:[01;34m~/GitHub/jr-packages/jrAdvPackage[00m$ git push -- set-upstream origin master
error: src refspec master does not match any.
error: failed to push some refs to 'https://github.com/jr-packages/jrAdvPackage.git'
]0;/home/theo/GitHub/jr-packages/jrAdvPackage]0;theo@theo-Inspiron-5570: ~/GitHub/jr-packages/jrAdvPackage[01;32mtheo@theo-Inspiron-5570[00m:[01;34m~/GitHub/jr-packages/jrAdvPackage[00m$ git status  [A
On branch master

No commits yet

Untracked files:
  (use "git add <file>..." to include in what will be committed)

	[31m.Rbuildignore[m
	[31m.Rproj.user/[m
	[31mDESCRIPTION[m
	[31mNAMESPACE[m
	[31mR/[m
	[31mREADME.Rmd[m
	[31mjrAdvPackage.Rproj[m
	[31mman/[m
	[31mvignettes/[m

nothing added to commit but untracked files present (use "git add" to track)
]0;/home/theo/GitHub/jr-packages/jrAdvPackage]0;theo@theo-Inspiron-5570: ~/GitHub/jr-packages/jrAdvPackage[01;32mtheo@theo-Inspiron-5570[00m:[01;34m~/GitHub/jr-packages/jrAdvPackage[00m$ gi [Kt add. [K[K . 
