]0;/home/theo/GitHub/jr-packages/jrAdvPackage]0;theo@theo-Inspiron-5570: ~/GitHub/jr-packages/jrAdvPackage[01;32mtheo@theo-Inspiron-5570[00m:[01;34m~/GitHub/jr-packages/jrAdvPackage[00m$ git init
Initialised empty Git repository in /home/theo/GitHub/jr-packages/jrAdvPackage/.git/
]0;/home/theo/GitHub/jr-packages/jrAdvPackage]0;theo@theo-Inspiron-5570: ~/GitHub/jr-packages/jrAdvPackage[01;32mtheo@theo-Inspiron-5570[00m:[01;34m~/GitHub/jr-packages/jrAdvPackage[00m$ git commit  -m ""f"i"r"s"t" "c"o"m"m"i"t" "f"o"r" "b"e"s"p"o"k"e" "a"d"v"a"n"c"e"d" "/" "R" "p"a"c"k"a"e"[1P"g"e" "c"o"u"r"s"e"
On branch master

Initial commit

Untracked files:
	[31m.Rbuildignore[m
	[31m.Rproj.user/[m
	[31mDESCRIPTION[m
	[31mNAMESPACE[m
	[31mR/[m
	[31mREADME.Rmd[m
	[31mjrAdvPackage.Rproj[m
	[31mman/[m
	[31mvignettes/[m

nothing added to commit but untracked files present
]0;/home/theo/GitHub/jr-packages/jrAdvPackage]0;theo@theo-Inspiron-5570: ~/GitHub/jr-packages/jrAdvPackage[01;32mtheo@theo-Inspiron-5570[00m:[01;34m~/GitHub/jr-packages/jrAdvPackage[00m$ git remote aadd origin https://github.com/jr-packages/jrAdvPackage.git
]0;/home/theo/GitHub/jr-packages/jrAdvPackage]0;theo@theo-Inspiron-5570: ~/GitHub/jr-packages/jrAdvPackage[01;32mtheo@theo-Inspiron-5570[00m:[01;34m~/GitHub/jr-packages/jrAdvPackage[00m$ git push -u  remote [K[K[K[K[K[K[Korigin master
error: src refspec master does not match any.
error: failed to push some refs to 'https://github.com/jr-packages/jrAdvPackage.git'
]0;/home/theo/GitHub/jr-packages/jrAdvPackage]0;theo@theo-Inspiron-5570: ~/GitHub/jr-packages/jrAdvPackage[01;32mtheo@theo-Inspiron-5570[00m:[01;34m~/GitHub/jr-packages/jrAdvPackage[00m$ [K]0;theo@theo-Inspiron-5570: ~/GitHub/jr-packages/jrAdvPackage[01;32mtheo@theo-Inspiron-5570[00m:[01;34m~/GitHub/jr-packages/jrAdvPackage[00m$ git [K remote  -m[Kv
origin	https://github.com/jr-packages/jrAdvPackage.git (fetch)
origin	https://github.com/jr-packages/jrAdvPackage.git (push)
]0;/home/theo/GitHub/jr-packages/jrAdvPackage]0;theo@theo-Inspiron-5570: ~/GitHub/jr-packages/jrAdvPackage[01;32mtheo@theo-Inspiron-5570[00m:[01;34m~/GitHub/jr-packages/jrAdvPackage[00m$ git push 
fatal: The current branch master has no upstream branch.
To push the current branch and set the remote as upstream, use

    git push --set-upstream origin master

]0;/home/theo/GitHub/jr-packages/jrAdvPackage]0;theo@theo-Inspiron-5570: ~/GitHub/jr-packages/jrAdvPackage[01;32mtheo@theo-Inspiron-5570[00m:[01;34m~/GitHub/jr-packages/jrAdvPackage[00m$ git push iu  origin maser[K[Kter
error: src refspec origin does not match any.
error: src refspec master does not match any.
error: failed to push some refs to 'iu'
]0;/home/theo/GitHub/jr-packages/jrAdvPackage]0;theo@theo-Inspiron-5570: ~/GitHub/jr-packages/jrAdvPackage[01;32mtheo@theo-Inspiron-5570[00m:[01;34m~/GitHub/jr-packages/jrAdvPackage[00m$ git push iu  origin master[A[C[C[C[C[C[C[C[C[C[C[C[C[C[C[C[C[C[C[C[C[C[C[C[C[C[C[C[C[C[C[C[C[C[C[C[C[C[C[C[C[C[C[C[C[C[C[C[C[C[C[C[C[C[C[C[C[C[C[C[C[C[C[C[C[C[C[C[C[C[C[C[C[C[Cu o[1P[A]0;theo@theo-Inspiron-5570: ~/GitHub/jr-packages/jrAdvPackage[01;32mtheo@theo-Inspiron-5570[00m:[01;34m~/GitHub/jr-packages/jrAdvPackage[00m$ [C[C[C[C[C[C[C[C[C-u [1@o[A]0;theo@theo-Inspiron-5570: ~/GitHub/jr-packages/jrAdvPackage[01;32mtheo@theo-Inspiron-5570[00m:[01;34m~/GitHub/jr-packages/jrAdvPackage[00m$ [C[C[C[C[C[C[C[C[C[C

error: src refspec master does not match any.
error: failed to push some refs to 'https://github.com/jr-packages/jrAdvPackage.git'
]0;/home/theo/GitHub/jr-packages/jrAdvPackage]0;theo@theo-Inspiron-5570: ~/GitHub/jr-packages/jrAdvPackage[01;32mtheo@theo-Inspiron-5570[00m:[01;34m~/GitHub/jr-packages/jrAdvPackage[00m$ git push -- set-upstream origin master
error: src refspec master does not match any.
error: failed to push some refs to 'https://github.com/jr-packages/jrAdvPackage.git'
]0;/home/theo/GitHub/jr-packages/jrAdvPackage]0;theo@theo-Inspiron-5570: ~/GitHub/jr-packages/jrAdvPackage[01;32mtheo@theo-Inspiron-5570[00m:[01;34m~/GitHub/jr-packages/jrAdvPackage[00m$ git status  [A
On branch master

No commits yet

Untracked files:
  (use "git add <file>..." to include in what will be committed)

	[31m.Rbuildignore[m
	[31m.Rproj.user/[m
	[31mDESCRIPTION[m
	[31mNAMESPACE[m
	[31mR/[m
	[31mREADME.Rmd[m
	[31mjrAdvPackage.Rproj[m
	[31mman/[m
	[31mvignettes/[m

nothing added to commit but untracked files present (use "git add" to track)
]0;/home/theo/GitHub/jr-packages/jrAdvPackage]0;theo@theo-Inspiron-5570: ~/GitHub/jr-packages/jrAdvPackage[01;32mtheo@theo-Inspiron-5570[00m:[01;34m~/GitHub/jr-packages/jrAdvPackage[00m$ gi [Kt add. [K[K . 
]0;/home/theo/GitHub/jr-packages/jrAdvPackage]0;theo@theo-Inspiron-5570: ~/GitHub/jr-packages/jrAdvPackage[01;32mtheo@theo-Inspiron-5570[00m:[01;34m~/GitHub/jr-packages/jrAdvPackage[00m$ git add . status  [A[C[C[C[C[C[C[C[C[C[C[C[C[C[C[C[C[C[C[C[C[C[C[C[C[C[C[C[C[C[C[C[C[C[C[C[C[C[C[C[C[C[C[C[C[C[C[C[C[C[C[C[C[C[C[C[C[C[C[C[C[C[C[Cpush --sset-upstream origin master[A]0;theo@theo-Inspiron-5570: ~/GitHub/jr-packages/jrAdvPackage[01;32mtheo@theo-Inspiron-5570[00m:[01;34m~/GitHub/jr-packages/jrAdvPackage[00m$ [C[C[C[C[C[C[C[C[C[Cu [12P[C[C[C[C[C[C[C[C[C[C[C[C[C[A]0;theo@theo-Inspiron-5570: ~/GitHub/jr-packages/jrAdvPackage[01;32mtheo@theo-Inspiron-5570[00m:[01;34m~/GitHub/jr-packages/jrAdvPackage[00m$ [C[C[C[C[C[C[C[C[Ciu [C[C[C[C[C[C[C[C[C[C[C[C[C[A]0;theo@theo-Inspiron-5570: ~/GitHub/jr-packages/jrAdvPackage[01;32mtheo@theo-Inspiron-5570[00m:[01;34m~/GitHub/jr-packages/jrAdvPackage[00m$ [C[C[C[C[C[C[C[C[C[K
[K[A[C[C[C[C[C[C[C[C[C[C[C[C[C[C[C[C[C[C[C[C[C[C[C[C[C[C[C[C[C[C[C[C[C[C[C[C[C[C[C[C[C[C[C[C[C[C[C[C[C[C[C[C[C[C[C[C[C[C[C[C[C[C[C[C[C[C[C[Cremote --v[A]0;theo@theo-Inspiron-5570: ~/GitHub/jr-packages/jrAdvPackage[01;32mtheo@theo-Inspiron-5570[00m:[01;34m~/GitHub/jr-packages/jrAdvPackage[00m$ [C[C[C[Cpush -u origin master[A]0;theo@theo-Inspiron-5570: ~/GitHub/jr-packages/jrAdvPackage[01;32mtheo@theo-Inspiron-5570[00m:[01;34m~/GitHub/jr-packages/jrAdvPackage[00m$ [C[C[C[Cremote add origin https://github.com/jr-packages/jrAdvPackage.git[A]0;theo@theo-Inspiron-5570: ~/GitHub/jr-packages/jrAdvPackage[01;32mtheo@theo-Inspiron-5570[00m:[01;34m~/GitHub/jr-packages/jrAdvPackage[00m$ [C[C[C[Ccommit
[1P-m "first commit for bespoke advanced / R package course"[A]0;theo@theo-Inspiron-5570: ~/GitHub/jr-packages/jrAdvPackage[01;32mtheo@theo-Inspiron-5570[00m:[01;34m~/GitHub/jr-packages/jrAdvPackage[00m$ [C[C[C[C[3Pinit
[K[A[C[C[C[C[C[C[C[C[C[C[C[C[C[C[C[C[C[C[C[C[C[C[C[C[C[C[C[C[C[C[C[C[C[C[C[C[C[C[C[C[C[C[C[C[C[C[C[C[C[C[C[C[C[C[C[C[C[C[C[C[C[C[C[C[C[C[Ccommit --m "first commit for bespoke advanced / R package course"
[master (root-commit) ba5c266] first commit for bespoke advanced / R package course
 29 files changed, 4079 insertions(+)
 create mode 100644 .Rbuildignore
 create mode 100644 .Rproj.user/E4EEB987/console06/B9079AD0
 create mode 100644 .Rproj.user/E4EEB987/console06/B9079AD0.env
 create mode 100644 .Rproj.user/E4EEB987/console06/INDEX001
 create mode 100644 .Rproj.user/E4EEB987/sources/prop/7A400FB6
 create mode 100644 .Rproj.user/E4EEB987/sources/prop/INDEX
 create mode 100644 .Rproj.user/E4EEB987/sources/s-4CC45029/BC0DE2AD-contents
 create mode 100644 .Rproj.user/E4EEB987/sources/s-4CC45029/lock_file
 create mode 100644 .Rproj.user/shared/notebooks/patch-chunk-names
 create mode 100644 .Rproj.user/shared/notebooks/paths
 create mode 100644 DESCRIPTION
 create mode 100644 NAMESPACE
 create mode 100644 R/divide.R
 create mode 100644 R/import_dummy.R
 create mode 100644 R/jrPackage.R
 create mode 100644 README.Rmd
 create mode 100644 jrAdvPackage.Rproj
 create mode 100644 man/div.Rd
 create mode 100644 man/jrPackage-package.Rd
 create mode 100644 vignettes/logo.png
 create mode 100644 vignettes/practical.Rnw
 create mode 100644 vignettes/practical1.Rmd
 create mode 100644 vignettes/practical1.Rnw
 create mode 100644 vignettes/practical1_contents.Rmd
 create mode 100644 vignettes/solutions1.Rmd
 create mode 100644 vignettes/solutions1.Rnw
 create mode 100644 vignettes/tufte-book.cls
 create mode 100644 vignettes/tufte-common.def
 create mode 100644 vignettes/tufte-handout.cls
]0;/home/theo/GitHub/jr-packages/jrAdvPackage]0;theo@theo-Inspiron-5570: ~/GitHub/jr-packages/jrAdvPackage[01;32mtheo@theo-Inspiron-5570[00m:[01;34m~/GitHub/jr-packages/jrAdvPackage[00m$ git commit --m "first commit for bespoke advanced / R package course"[A]0;theo@theo-Inspiron-5570: ~/GitHub/jr-packages/jrAdvPackage[01;32mtheo@theo-Inspiron-5570[00m:[01;34m~/GitHub/jr-packages/jrAdvPackage[00m$ [C[C[C[C[1Padd .
[K[A[C[C[C[C[C[C[C[C[C[C[C[C[C[C[C[C[C[C[C[C[C[C[C[C[C[C[C[C[C[C[C[C[C[C[C[C[C[C[C[C[C[C[C[C[C[C[C[C[C[C[C[C[C[C[C[C[C[C[C[C[C[C[C[C[C[C[C[C[Cstatus  [A[C[C[C[C[C[C[C[C[C[C[C[C[C[C[C[C[C[C[C[C[C[C[C[C[C[C[C[C[C[C[C[C[C[C[C[C[C[C[C[C[C[C[C[C[C[C[C[C[C[C[C[C[C[C[C[C[C[C[C[C[C[C[Cpush --sset-upstream origin master[A]0;theo@theo-Inspiron-5570: ~/GitHub/jr-packages/jrAdvPackage[01;32mtheo@theo-Inspiron-5570[00m:[01;34m~/GitHub/jr-packages/jrAdvPackage[00m$ [C[C[C[C[C[C[C[C[C[Cu [12P[C[C[C[C[C[C[C[C[C[C[C[C[C
fatal: cannot run rpostback-askpass: No such file or directory
Username for 'https://github.com': theoroe3
fatal: cannot run rpostback-askpass: No such file or directory
Password for 'https://theoroe3@github.com': 
Counting objects: 41, done.
Delta compression using up to 8 threads.
Compressing objects:   2% (1/36)   Compressing objects:   5% (2/36)   Compressing objects:   8% (3/36)   Compressing objects:  11% (4/36)   Compressing objects:  13% (5/36)   Compressing objects:  16% (6/36)   Compressing objects:  19% (7/36)   Compressing objects:  22% (8/36)   Compressing objects:  25% (9/36)   Compressing objects:  27% (10/36)   Compressing objects:  30% (11/36)   Compressing objects:  33% (12/36)   Compressing objects:  36% (13/36)   Compressing objects:  38% (14/36)   Compressing objects:  41% (15/36)   Compressing objects:  44% (16/36)   Compressing objects:  47% (17/36)   Compressing objects:  50% (18/36)   Compressing objects:  52% (19/36)   Compressing objects:  55% (20/36)   Compressing objects:  58% (21/36)   Compressing objects:  61% (22/36)   Compressing objects:  63% (23/36)   Compressing objects:  66% (24/36)   Compressing objects:  69% (25/36)   Compressing objects:  72% (26/36)   Compressing objects:  75% (27/36)   Compressing objects:  77% (28/36)   Compressing objects:  80% (29/36)   Compressing objects:  83% (30/36)   Compressing objects:  86% (31/36)   Compressing objects:  88% (32/36)   Compressing objects:  91% (33/36)   Compressing objects:  94% (34/36)   Compressing objects:  97% (35/36)   Compressing objects: 100% (36/36)   Compressing objects: 100% (36/36), done.
Writing objects:   2% (1/41)   Writing objects:   4% (2/41)   Writing objects:   7% (3/41)   Writing objects:   9% (4/41)   Writing objects:  12% (5/41)   Writing objects:  14% (6/41)   Writing objects:  17% (7/41)   Writing objects:  19% (8/41)   Writing objects:  21% (9/41)   Writing objects:  24% (10/41)   Writing objects:  26% (11/41)   Writing objects:  29% (12/41)   Writing objects:  31% (13/41)   Writing objects:  34% (14/41)   Writing objects:  36% (15/41)   Writing objects:  39% (16/41)   Writing objects:  41% (17/41)   Writing objects:  43% (18/41)   Writing objects:  46% (19/41)   Writing objects:  48% (20/41)   Writing objects:  51% (21/41)   Writing objects:  53% (22/41)   Writing objects:  56% (23/41)   Writing objects:  58% (24/41)   Writing objects:  60% (25/41)   Writing objects:  63% (26/41)   Writing objects:  65% (27/41)   Writing objects:  68% (28/41)   Writing objects:  70% (29/41)   Writing objects:  73% (30/41)   Writing objects:  75% (31/41)   Writing objects:  78% (32/41)   Writing objects:  80% (33/41)   Writing objects:  82% (34/41)   Writing objects:  87% (36/41)   Writing objects:  90% (37/41)   Writing objects:  92% (38/41)   Writing objects:  95% (39/41)   Writing objects:  97% (40/41)   Writing objects: 100% (41/41)   Writing objects: 100% (41/41), 130.62 KiB | 3.84 MiB/s, done.
Total 41 (delta 1), reused 0 (delta 0)
remote: Resolving deltas:   0% (0/1)   [Kremote: Resolving deltas: 100% (1/1)   [Kremote: Resolving deltas: 100% (1/1), done.[K
To https://github.com/jr-packages/jrAdvPackage.git
 * [new branch]      master -> master
Branch 'master' set up to track remote branch 'master' from 'origin'.
]0;/home/theo/GitHub/jr-packages/jrAdvPackage]0;theo@theo-Inspiron-5570: ~/GitHub/jr-packages/jrAdvPackage[01;32mtheo@theo-Inspiron-5570[00m:[01;34m~/GitHub/jr-packages/jrAdvPackage[00m$ gi t status 
On branch master
Your branch is up-to-date with 'origin/master'.

Changes not staged for commit:
  (use "git add/rm <file>..." to update what will be committed)
  (use "git checkout -- <file>..." to discard changes in working directory)

	[31mmodified:   .Rproj.user/E4EEB987/console06/B9079AD0[m
	[31mmodified:   .Rproj.user/E4EEB987/console06/INDEX001[m
	[31mmodified:   .Rproj.user/E4EEB987/sources/prop/INDEX[m
	[31mdeleted:    .Rproj.user/E4EEB987/sources/s-4CC45029/BC0DE2AD-contents[m
	[31mdeleted:    .Rproj.user/E4EEB987/sources/s-4CC45029/lock_file[m
	[31mmodified:   .Rproj.user/shared/notebooks/paths[m
	[31mdeleted:    vignettes/practical.Rnw[m
	[31mdeleted:    vignettes/practical1.Rnw[m
	[31mmodified:   vignettes/practical1_contents.Rmd[m
	[31mdeleted:    vignettes/solutions1.Rnw[m

Untracked files:
  (use "git add <file>..." to include in what will be committed)

	[31m.gitignore[m
	[31mvignettes/practical2.Rmd[m
	[31mvignettes/practical2_content.Rmd[m
	[31mvignettes/practical3.Rnw[m
	[31mvignettes/solutions2.Rmd[m
	[31mvignettes/solutions2.tex[m

no changes added to commit (use "git add" and/or "git commit -a")
]0;/home/theo/GitHub/jr-packages/jrAdvPackage]0;theo@theo-Inspiron-5570: ~/GitHub/jr-packages/jrAdvPackage[01;32mtheo@theo-Inspiron-5570[00m:[01;34m~/GitHub/jr-packages/jrAdvPackage[00m$ gi t add / [K[K.
]0;/home/theo/GitHub/jr-packages/jrAdvPackage]0;theo@theo-Inspiron-5570: ~/GitHub/jr-packages/jrAdvPackage[01;32mtheo@theo-Inspiron-5570[00m:[01;34m~/GitHub/jr-packages/jrAdvPackage[00m$ gi t commi[K[K[K[K[K[K[K[A[C[C[C[C[C[C[C[C[C[C[C[C[C[C[C[C[C[C[C[C[C[C[C[C[C[C[C[C[C[C[C[C[C[C[C[C[C[C[C[C[C[C[C[C[C[C[C[C[C[C[C[C[C[C[C[C[C[C[C[C[K
[K[A[C[C[C[C[C[C[C[C[C[C[C[C[C[C[C[C[C[C[C[C[C[C[C[C[C[C[C[C[C[C[C[C[C[C[C[C[C[C[C[C[C[C[C[C[C[C[C[C[C[C[C[C[C[C[C[C[C[C[C[C[Kgi t commit -m ""f"i"r"s"t" "a"t"t"e"m"p"t"
[master acdd8ca] first attempt
 34 files changed, 4188 insertions(+), 909 deletions(-)
 rewrite .Rproj.user/E4EEB987/console06/INDEX001 (86%)
 delete mode 100644 .Rproj.user/E4EEB987/sources/s-4CC45029/BC0DE2AD-contents
 delete mode 100644 .Rproj.user/E4EEB987/sources/s-4CC45029/lock_file
 rewrite .Rproj.user/shared/notebooks/paths (100%)
 create mode 100644 .gitignore
 create mode 100644 .travis.yml
 rename man/{jrPackage-package.Rd => jrAdvPackage-package.Rd} (57%)
 create mode 100644 vignettes/practical1.R
 delete mode 100644 vignettes/practical1.Rnw
 create mode 100644 vignettes/practical1.pdf
 create mode 100644 vignettes/practical2.R
 create mode 100644 vignettes/practical2.Rmd
 create mode 100644 vignettes/practical2.pdf
 create mode 100644 vignettes/practical2_content.Rmd
 create mode 100644 vignettes/practical3.R
 rename vignettes/{practical.Rnw => practical3.Rnw} (92%)
 create mode 100644 vignettes/practical3.aux
 create mode 100644 vignettes/practical3.log
 create mode 100644 vignettes/practical3.out
 create mode 100644 vignettes/practical3.pdf
 create mode 100644 vignettes/practical3.tex
 create mode 100644 vignettes/solutions1.R
 delete mode 100644 vignettes/solutions1.Rnw
 create mode 100644 vignettes/solutions1.html
 create mode 100644 vignettes/solutions2.R
 create mode 100644 vignettes/solutions2.Rmd
 create mode 100644 vignettes/solutions2.pdf
]0;/home/theo/GitHub/jr-packages/jrAdvPackage]0;theo@theo-Inspiron-5570: ~/GitHub/jr-packages/jrAdvPackage[01;32mtheo@theo-Inspiron-5570[00m:[01;34m~/GitHub/jr-packages/jrAdvPackage[00m$ gi t push 
fatal: cannot run rpostback-askpass: No such file or directory
Username for 'https://github.com': theoroe3
fatal: cannot run rpostback-askpass: No such file or directory
Password for 'https://theoroe3@github.com': 
Counting objects: 42, done.
Delta compression using up to 8 threads.
Compressing objects:   2% (1/39)   Compressing objects:   5% (2/39)   Compressing objects:   7% (3/39)   Compressing objects:  10% (4/39)   Compressing objects:  12% (5/39)   Compressing objects:  15% (6/39)   Compressing objects:  17% (7/39)   Compressing objects:  20% (8/39)   Compressing objects:  23% (9/39)   Compressing objects:  25% (10/39)   Compressing objects:  28% (11/39)   Compressing objects:  30% (12/39)   Compressing objects:  33% (13/39)   Compressing objects:  35% (14/39)   Compressing objects:  38% (15/39)   Compressing objects:  41% (16/39)   Compressing objects:  43% (17/39)   Compressing objects:  46% (18/39)   Compressing objects:  48% (19/39)   Compressing objects:  51% (20/39)   Compressing objects:  53% (21/39)   Compressing objects:  56% (22/39)   Compressing objects:  58% (23/39)   Compressing objects:  61% (24/39)   Compressing objects:  64% (25/39)   Compressing objects:  66% (26/39)   Compressing objects:  69% (27/39)   Compressing objects:  71% (28/39)   Compressing objects:  74% (29/39)   Compressing objects:  76% (30/39)   Compressing objects:  79% (31/39)   Compressing objects:  82% (32/39)   Compressing objects:  84% (33/39)   Compressing objects:  87% (34/39)   Compressing objects:  89% (35/39)   Compressing objects:  92% (36/39)   Compressing objects:  94% (37/39)   Compressing objects:  97% (38/39)   Compressing objects: 100% (39/39)   Compressing objects: 100% (39/39), done.
Writing objects:   2% (1/42)   Writing objects:   4% (2/42)   Writing objects:   7% (3/42)   Writing objects:   9% (4/42)   Writing objects:  11% (5/42)   Writing objects:  14% (6/42)   Writing objects:  16% (7/42)   Writing objects:  19% (8/42)   Writing objects:  21% (9/42)   Writing objects:  23% (10/42)   Writing objects:  26% (11/42)   Writing objects:  28% (12/42)   Writing objects:  30% (13/42)   Writing objects:  33% (14/42)   Writing objects:  35% (15/42)   Writing objects:  38% (16/42)   Writing objects:  40% (17/42)   Writing objects:  42% (18/42)   Writing objects:  45% (19/42)   Writing objects:  47% (20/42)   Writing objects:  50% (21/42)   Writing objects:  52% (22/42)   Writing objects:  54% (23/42)   Writing objects:  59% (25/42)   Writing objects:  61% (26/42)   Writing objects:  64% (27/42)   Writing objects:  69% (29/42)   Writing objects:  73% (31/42)   Writing objects:  76% (32/42)   Writing objects:  78% (33/42)   Writing objects:  80% (34/42)   Writing objects:  85% (36/42)   Writing objects:  88% (37/42)   Writing objects:  90% (38/42)   Writing objects:  92% (39/42)   Writing objects:  95% (40/42)   Writing objects:  97% (41/42)   Writing objects: 100% (42/42)   Writing objects: 100% (42/42), 583.08 KiB | 13.25 MiB/s, done.
Total 42 (delta 11), reused 0 (delta 0)
remote: Resolving deltas:   0% (0/11)   [Kremote: Resolving deltas:   9% (1/11)   [Kremote: Resolving deltas:  18% (2/11)   [Kremote: Resolving deltas:  27% (3/11)   [Kremote: Resolving deltas:  36% (4/11)   [Kremote: Resolving deltas:  45% (5/11)   [Kremote: Resolving deltas:  54% (6/11)   [Kremote: Resolving deltas:  63% (7/11)   [Kremote: Resolving deltas:  72% (8/11)   [Kremote: Resolving deltas:  81% (9/11)   [Kremote: Resolving deltas:  90% (10/11)   [Kremote: Resolving deltas: 100% (11/11)   [Kremote: Resolving deltas: 100% (11/11), completed with 7 local objects.[K
To https://github.com/jr-packages/jrAdvPackage.git
   ba5c266..acdd8ca  master -> master
]0;/home/theo/GitHub/jr-packages/jrAdvPackage]0;theo@theo-Inspiron-5570: ~/GitHub/jr-packages/jrAdvPackage[01;32mtheo@theo-Inspiron-5570[00m:[01;34m~/GitHub/jr-packages/jrAdvPackage[00m$ gi t status 
On branch master
Your branch is up-to-date with 'origin/master'.

Changes not staged for commit:
  (use "git add <file>..." to update what will be committed)
  (use "git checkout -- <file>..." to discard changes in working directory)

	[31mmodified:   .Rproj.user/E4EEB987/console06/B9079AD0[m
	[31mmodified:   .Rproj.user/E4EEB987/console06/B9079AD0.env[m
	[31mmodified:   .Rproj.user/E4EEB987/console06/INDEX001[m
	[31mmodified:   .Rproj.user/E4EEB987/sources/prop/INDEX[m
	[31mmodified:   .Rproj.user/shared/notebooks/paths[m
	[31mmodified:   .gitignore[m
	[31mmodified:   README.Rmd[m

Untracked files:
  (use "git add <file>..." to include in what will be committed)

	[31mREADME.md[m

no changes added to commit (use "git add" and/or "git commit -a")
]0;/home/theo/GitHub/jr-packages/jrAdvPackage]0;theo@theo-Inspiron-5570: ~/GitHub/jr-packages/jrAdvPackage[01;32mtheo@theo-Inspiron-5570[00m:[01;34m~/GitHub/jr-packages/jrAdvPackage[00m$ gi t add . 
]0;/home/theo/GitHub/jr-packages/jrAdvPackage]0;theo@theo-Inspiron-5570: ~/GitHub/jr-packages/jrAdvPackage[01;32mtheo@theo-Inspiron-5570[00m:[01;34m~/GitHub/jr-packages/jrAdvPackage[00m$ gi t commit -m2[K ""a"d"d"[1P"[1P"[1P"e"d"i"t"s"
[master 782c2c1] edits
 8 files changed, 103 insertions(+), 9 deletions(-)
 rewrite .Rproj.user/E4EEB987/console06/INDEX001 (100%)
 create mode 100644 README.md
]0;/home/theo/GitHub/jr-packages/jrAdvPackage]0;theo@theo-Inspiron-5570: ~/GitHub/jr-packages/jrAdvPackage[01;32mtheo@theo-Inspiron-5570[00m:[01;34m~/GitHub/jr-packages/jrAdvPackage[00m$ gi t psu[K[Kush 
fatal: cannot run rpostback-askpass: No such file or directory
Username for 'https://github.com': theoroe3
fatal: cannot run rpostback-askpass: No such file or directory
Password for 'https://theoroe3@github.com': 
Counting objects: 17, done.
Delta compression using up to 8 threads.
Compressing objects:   6% (1/15)   Compressing objects:  13% (2/15)   Compressing objects:  20% (3/15)   Compressing objects:  26% (4/15)   Compressing objects:  33% (5/15)   Compressing objects:  40% (6/15)   Compressing objects:  46% (7/15)   Compressing objects:  53% (8/15)   Compressing objects:  60% (9/15)   Compressing objects:  66% (10/15)   Compressing objects:  73% (11/15)   Compressing objects:  80% (12/15)   Compressing objects:  86% (13/15)   Compressing objects:  93% (14/15)   Compressing objects: 100% (15/15)   Compressing objects: 100% (15/15), done.
Writing objects:   5% (1/17)   Writing objects:  11% (2/17)   Writing objects:  17% (3/17)   Writing objects:  23% (4/17)   Writing objects:  29% (5/17)   Writing objects:  35% (6/17)   Writing objects:  41% (7/17)   Writing objects:  47% (8/17)   Writing objects:  52% (9/17)   Writing objects:  58% (10/17)   Writing objects:  64% (11/17)   Writing objects:  70% (12/17)   Writing objects:  76% (13/17)   Writing objects:  82% (14/17)   Writing objects:  88% (15/17)   Writing objects:  94% (16/17)   Writing objects: 100% (17/17)   Writing objects: 100% (17/17), 2.45 KiB | 1.22 MiB/s, done.
Total 17 (delta 8), reused 0 (delta 0)
remote: Resolving deltas:   0% (0/8)   [Kremote: Resolving deltas:  12% (1/8)   [Kremote: Resolving deltas:  25% (2/8)   [Kremote: Resolving deltas:  37% (3/8)   [Kremote: Resolving deltas:  50% (4/8)   [Kremote: Resolving deltas:  62% (5/8)   [Kremote: Resolving deltas:  75% (6/8)   [Kremote: Resolving deltas: 100% (8/8)   [Kremote: Resolving deltas: 100% (8/8), completed with 7 local objects.[K
To https://github.com/jr-packages/jrAdvPackage.git
   acdd8ca..782c2c1  master -> master
]0;/home/theo/GitHub/jr-packages/jrAdvPackage]0;theo@theo-Inspiron-5570: ~/GitHub/jr-packages/jrAdvPackage[01;32mtheo@theo-Inspiron-5570[00m:[01;34m~/GitHub/jr-packages/jrAdvPackage[00m$ [K]0;theo@theo-Inspiron-5570: ~/GitHub/jr-packages/jrAdvPackage[01;32mtheo@theo-Inspiron-5570[00m:[01;34m~/GitHub/jr-packages/jrAdvPackage[00m$ [K]0;theo@theo-Inspiron-5570: ~/GitHub/jr-packages/jrAdvPackage[01;32mtheo@theo-Inspiron-5570[00m:[01;34m~/GitHub/jr-packages/jrAdvPacckage[00m$ [K[A]0;theo@theo-Inspiron-5570: ~/GitHub/jr-packages/jrAdvPackage[01;32mtheo@theo-Inspiron-5570[00m:[01;34m~/GitHub/jr-packages/jrAdvPackage [00m$ git push commit -m "edits"[C[C[C[C[C[C[C[C[C[C[C[11Padd . 
]0;/home/theo/GitHub/jr-packages/jrAdvPackage]0;theo@theo-Inspiron-5570: ~/GitHub/jr-packages/jrAdvPackage[01;32mtheo@theo-Inspiron-5570[00m:[01;34m~/GitHub/jr-packages/jrAdvPacckage[00m$ git add . [1Ppush[Ccommit -m "edits"[C[C[C[C[C[C[C[C[C[C[C[11Padd . 
]0;/home/theo/GitHub/jr-packages/jrAdvPackage]0;theo@theo-Inspiron-5570: ~/GitHub/jr-packages/jrAdvPackage[01;32mtheo@theo-Inspiron-5570[00m:[01;34m~/GitHub/jr-packages/jrAdvPacckage[00m$ git add . [1Ppush[Ccommit -m "edits"
[master 606ce5f] edits
 5 files changed, 24 insertions(+), 4 deletions(-)
]0;/home/theo/GitHub/jr-packages/jrAdvPackage]0;theo@theo-Inspiron-5570: ~/GitHub/jr-packages/jrAdvPackage[01;32mtheo@theo-Inspiron-5570[00m:[01;34m~/GitHub/jr-packages/jrAdvPacckage[00m$ git commit -m "edits"[C[C[C[C[C[C[C[C[C[C[C[11Padd . [1Ppush[C
remote: Invalid username or password.
fatal: Authentication failed for 'https://github.com/jr-packages/jrAdvPackage.git/'
]0;/home/theo/GitHub/jr-packages/jrAdvPackage]0;theo@theo-Inspiron-5570: ~/GitHub/jr-packages/jrAdvPackage[01;32mtheo@theo-Inspiron-5570[00m:[01;34m~/GitHub/jr-packages/jrAdvPacckage[00m$ [K[A]0;theo@theo-Inspiron-5570: ~/GitHub/jr-packages/jrAdvPackage[01;32mtheo@theo-Inspiron-5570[00m:[01;34m~/GitHub/jr-packages/jrAdvPackage[00m$ git status 
On branch master
Your branch is ahead of 'origin/master' by 1 commit.
  (use "git push" to publish your local commits)

Changes not staged for commit:
  (use "git add <file>..." to update what will be committed)
  (use "git checkout -- <file>..." to discard changes in working directory)

	[31mmodified:   .Rproj.user/E4EEB987/console06/B9079AD0[m
	[31mmodified:   .Rproj.user/E4EEB987/console06/INDEX001[m

no changes added to commit (use "git add" and/or "git commit -a")
]0;/home/theo/GitHub/jr-packages/jrAdvPackage]0;theo@theo-Inspiron-5570: ~/GitHub/jr-packages/jrAdvPackage[01;32mtheo@theo-Inspiron-5570[00m:[01;34m~/GitHub/jr-packages/jrAdvPackage[00m$ git status [2Ppush[Ccommit -m "edits"[11Padd . 
]0;/home/theo/GitHub/jr-packages/jrAdvPackage]0;theo@theo-Inspiron-5570: ~/GitHub/jr-packages/jrAdvPackage[01;32mtheo@theo-Inspiron-5570[00m:[01;34m~/GitHub/jr-packages/jrAdvPackage[00m$ git add . [1@status[C[2Ppush[Ccommit -m "edits"
[master 8a6fcbe] edits
 2 files changed, 22 insertions(+), 2 deletions(-)
]0;/home/theo/GitHub/jr-packages/jrAdvPackage]0;theo@theo-Inspiron-5570: ~/GitHub/jr-packages/jrAdvPackage[01;32mtheo@theo-Inspiron-5570[00m:[01;34m~/GitHub/jr-packages/jrAdvPackage[00m$ git commit -m "edits"[11Padd . [1@status[C[2Ppush[C
fatal: cannot run rpostback-askpass: No such file or directory
Username for 'https://github.com': theoroe3
fatal: cannot run rpostback-askpass: No such file or directory
Password for 'https://theoroe3@github.com': 
remote: Invalid username or password.
fatal: Authentication failed for 'https://github.com/jr-packages/jrAdvPackage.git/'
]0;/home/theo/GitHub/jr-packages/jrAdvPackage]0;theo@theo-Inspiron-5570: ~/GitHub/jr-packages/jrAdvPackage[01;32mtheo@theo-Inspiron-5570[00m:[01;34m~/GitHub/jr-packages/jrAdvPackage[00m$ [K]0;theo@theo-Inspiron-5570: ~/GitHub/jr-packages/jrAdvPackage[01;32mtheo@theo-Inspiron-5570[00m:[01;34m~/GitHub/jr-packages/jrAdvPackage[00m$ [K]0;theo@theo-Inspiron-5570: ~/GitHub/jr-packages/jrAdvPackage[01;32mtheo@theo-Inspiron-5570[00m:[01;34m~/GitHub/jr-packages/jrAdvPackage[00m$ git push 
fatal: cannot run rpostback-askpass: No such file or directory
Username for 'https://github.com': theoroe3
fatal: cannot run rpostback-askpass: No such file or directory
Password for 'https://theoroe3@github.com': 
remote: Invalid username or password.
fatal: Authentication failed for 'https://github.com/jr-packages/jrAdvPackage.git/'
]0;/home/theo/GitHub/jr-packages/jrAdvPackage]0;theo@theo-Inspiron-5570: ~/GitHub/jr-packages/jrAdvPackage[01;32mtheo@theo-Inspiron-5570[00m:[01;34m~/GitHub/jr-packages/jrAdvPackage[00m$ git push 
fatal: cannot run rpostback-askpass: No such file or directory
Username for 'https://github.com': theoroe3
fatal: cannot run rpostback-askpass: No such file or directory
Password for 'https://theoroe3@github.com': 
remote: Invalid username or password.
fatal: Authentication failed for 'https://github.com/jr-packages/jrAdvPackage.git/'
]0;/home/theo/GitHub/jr-packages/jrAdvPackage]0;theo@theo-Inspiron-5570: ~/GitHub/jr-packages/jrAdvPackage[01;32mtheo@theo-Inspiron-5570[00m:[01;34m~/GitHub/jr-packages/jrAdvPackage[00m$ git remote -v
origin	https://github.com/jr-packages/jrAdvPackage.git (fetch)
origin	https://github.com/jr-packages/jrAdvPackage.git (push)
]0;/home/theo/GitHub/jr-packages/jrAdvPackage]0;theo@theo-Inspiron-5570: ~/GitHub/jr-packages/jrAdvPackage[01;32mtheo@theo-Inspiron-5570[00m:[01;34m~/GitHub/jr-packages/jrAdvPackage[00m$ git[K[K[Kgir[Kt remote set-url origin git@github.x [A[C[C[C[C[C[C[C[C[C[C[C[C[C[C[C[C[C[C[C[C[C[C[C[C[C[C[C[C[C[C[C[C[C[C[C[C[C[C[C[C[C[C[C[C[C[C[C[C[C[C[C[C[C[C[C[C[C[C[C[C[C[C[C[C[C[C[C[C[C[C[C[C[C[C[C[C[C[C[C[C[C[C[C[C[C[C[C[C[C[C[C[C[C[C[C[C[K
[K[A[C[C[C[C[C[C[C[C[C[C[C[C[C[C[C[C[C[C[C[C[C[C[C[C[C[C[C[C[C[C[C[C[C[C[C[C[C[C[C[C[C[C[C[C[C[C[C[C[C[C[C[C[C[C[C[C[C[C[C[C[C[C[C[C[C[C[C[C[C[C[C[C[C[C[C[C[C[C[C[C[C[C[C[C[C[C[C[C[C[C[C[C[C[C[C[Cc om:jr-packages/jrAdvPackage.git
]0;/home/theo/GitHub/jr-packages/jrAdvPackage]0;theo@theo-Inspiron-5570: ~/GitHub/jr-packages/jrAdvPackage[01;32mtheo@theo-Inspiron-5570[00m:[01;34m~/GitHub/jr-packages/jrAdvPackage[00m$ git push 
Warning: Permanently added the RSA host key for IP address '140.82.118.4' to the list of known hosts.
Counting objects: 20, done.
Delta compression using up to 8 threads.
Compressing objects:   5% (1/19)   Compressing objects:  10% (2/19)   Compressing objects:  15% (3/19)   Compressing objects:  21% (4/19)   Compressing objects:  26% (5/19)   Compressing objects:  31% (6/19)   Compressing objects:  36% (7/19)   Compressing objects:  42% (8/19)   Compressing objects:  47% (9/19)   Compressing objects:  52% (10/19)   Compressing objects:  57% (11/19)   Compressing objects:  63% (12/19)   Compressing objects:  68% (13/19)   Compressing objects:  73% (14/19)   Compressing objects:  78% (15/19)   Compressing objects:  84% (16/19)   Compressing objects:  89% (17/19)   Compressing objects:  94% (18/19)   Compressing objects: 100% (19/19)   Compressing objects: 100% (19/19), done.
Writing objects:   5% (1/20)   Writing objects:  10% (2/20)   Writing objects:  15% (3/20)   Writing objects:  20% (4/20)   Writing objects:  25% (5/20)   Writing objects:  30% (6/20)   Writing objects:  35% (7/20)   Writing objects:  40% (8/20)   Writing objects:  45% (9/20)   Writing objects:  50% (10/20)   Writing objects:  55% (11/20)   Writing objects:  60% (12/20)   Writing objects:  65% (13/20)   Writing objects:  70% (14/20)   Writing objects:  75% (15/20)   Writing objects:  80% (16/20)   Writing objects:  85% (17/20)   Writing objects:  90% (18/20)   Writing objects:  95% (19/20)   Writing objects: 100% (20/20)   Writing objects: 100% (20/20), 2.24 KiB | 2.24 MiB/s, done.
Total 20 (delta 10), reused 0 (delta 0)
remote: Resolving deltas:   0% (0/10)   [Kremote: Resolving deltas:  20% (2/10)   [Kremote: Resolving deltas:  40% (4/10)   [Kremote: Resolving deltas:  60% (6/10)   [Kremote: Resolving deltas:  70% (7/10)   [Kremote: Resolving deltas:  80% (8/10)   [Kremote: Resolving deltas:  90% (9/10)   [Kremote: Resolving deltas: 100% (10/10)   [Kremote: Resolving deltas: 100% (10/10), completed with 7 local objects.[K
To github.com:jr-packages/jrAdvPackage.git
   782c2c1..8a6fcbe  master -> master
]0;/home/theo/GitHub/jr-packages/jrAdvPackage]0;theo@theo-Inspiron-5570: ~/GitHub/jr-packages/jrAdvPackage[01;32mtheo@theo-Inspiron-5570[00m:[01;34m~/GitHub/jr-packages/jrAdvPackage[00m$ git status 
On branch master
Your branch is up-to-date with 'origin/master'.

Changes not staged for commit:
  (use "git add <file>..." to update what will be committed)
  (use "git checkout -- <file>..." to discard changes in working directory)

	[31mmodified:   .Rbuildignore[m
	[31mmodified:   .Rproj.user/E4EEB987/console06/B9079AD0[m
	[31mmodified:   .Rproj.user/E4EEB987/console06/INDEX001[m
	[31mmodified:   .Rproj.user/E4EEB987/sources/prop/INDEX[m
	[31mmodified:   .gitignore[m
	[31mmodified:   DESCRIPTION[m
	[31mmodified:   NAMESPACE[m
	[31mmodified:   R/import_dummy.R[m
	[31mmodified:   vignettes/practical3.log[m
	[31mmodified:   vignettes/practical3.pdf[m
	[31mmodified:   vignettes/practical3.tex[m

no changes added to commit (use "git add" and/or "git commit -a")
]0;/home/theo/GitHub/jr-packages/jrAdvPackage]0;theo@theo-Inspiron-5570: ~/GitHub/jr-packages/jrAdvPackage[01;32mtheo@theo-Inspiron-5570[00m:[01;34m~/GitHub/jr-packages/jrAdvPackage[00m$ git status [2Ppush[Cremote set--url origin git@github.com:jr-packages/jrAdvPackage.git[A]0;theo@theo-Inspiron-5570: ~/GitHub/jr-packages/jrAdvPackage[01;32mtheo@theo-Inspiron-5570[00m:[01;34m~/GitHub/jr-packages/jrAdvPackage[00m$ [C[C[C[C[C[C[C[C[C[C[C[1P-v
[K[A[C[C[C[C[C[C[C[C[C[C[C[C[C[C[C[C[C[C[C[C[C[C[C[C[C[C[C[C[C[C[C[C[C[C[C[C[C[C[C[C[C[C[C[C[C[C[C[C[C[C[C[C[C[C[C[C[C[C[C[C[C[C[C[C[C[C[C[C[C[C[C[C[4Ppush commit -m ""edits"[A]0;theo@theo-Inspiron-5570: ~/GitHub/jr-packages/jrAdvPackage[01;32mtheo@theo-Inspiron-5570[00m:[01;34m~/GitHub/jr-packages/jrAdvPackage[00m$ [C[C[C[C[4Padd .
[K[A[C[C[C[C[C[C[C[C[C[C[C[C[C[C[C[C[C[C[C[C[C[C[C[C[C[C[C[C[C[C[C[C[C[C[C[C[C[C[C[C[C[C[C[C[C[C[C[C[C[C[C[C[C[C[C[C[C[C[C[C[C[C[C[C[C[C[C[C[C
]0;/home/theo/GitHub/jr-packages/jrAdvPackage]0;theo@theo-Inspiron-5570: ~/GitHub/jr-packages/jrAdvPackage[01;32mtheo@theo-Inspiron-5570[00m:[01;34m~/GitHub/jr-packages/jrAdvPackage[00m$ git add . [1@status[C[2Ppush[Cremote set--url origin git@github.com:jr-packages/jrAdvPackage.git[A]0;theo@theo-Inspiron-5570: ~/GitHub/jr-packages/jrAdvPackage[01;32mtheo@theo-Inspiron-5570[00m:[01;34m~/GitHub/jr-packages/jrAdvPackage[00m$ [C[C[C[C[C[C[C[C[C[C[C[1P-v
[K[A[C[C[C[C[C[C[C[C[C[C[C[C[C[C[C[C[C[C[C[C[C[C[C[C[C[C[C[C[C[C[C[C[C[C[C[C[C[C[C[C[C[C[C[C[C[C[C[C[C[C[C[C[C[C[C[C[C[C[C[C[C[C[C[C[C[C[C[C[C[C[C[C[4Ppush commit -m ""edits"[1P"[1P"[1P"[1P"[1P"r"e"m"o"v"i"g"n" "t"e"s"[1P"[1P"[1P"[1P"[1P"[1P"n"g" "t"e"s"t"t"h"a"t" "f"r"o"m" "i"m"p"o"r"t"s"
[master e63e36c] removing testthat from imports
 12 files changed, 82 insertions(+), 13 deletions(-)
 rewrite .Rproj.user/E4EEB987/console06/INDEX001 (60%)
]0;/home/theo/GitHub/jr-packages/jrAdvPackage]0;theo@theo-Inspiron-5570: ~/GitHub/jr-packages/jrAdvPackage[01;32mtheo@theo-Inspiron-5570[00m:[01;34m~/GitHub/jr-packages/jrAdvPackage[00m$ git push 
Counting objects: 21, done.
Delta compression using up to 8 threads.
Compressing objects:   5% (1/18)   Compressing objects:  11% (2/18)   Compressing objects:  16% (3/18)   Compressing objects:  22% (4/18)   Compressing objects:  27% (5/18)   Compressing objects:  33% (6/18)   Compressing objects:  38% (7/18)   Compressing objects:  44% (8/18)   Compressing objects:  50% (9/18)   Compressing objects:  55% (10/18)   Compressing objects:  61% (11/18)   Compressing objects:  66% (12/18)   Compressing objects:  72% (13/18)   Compressing objects:  77% (14/18)   Compressing objects:  83% (15/18)   Compressing objects:  88% (16/18)   Compressing objects:  94% (17/18)   Compressing objects: 100% (18/18)   Compressing objects: 100% (18/18), done.
Writing objects:   4% (1/21)   Writing objects:   9% (2/21)   Writing objects:  14% (3/21)   Writing objects:  19% (4/21)   Writing objects:  23% (5/21)   Writing objects:  28% (6/21)   Writing objects:  33% (7/21)   Writing objects:  38% (8/21)   Writing objects:  42% (9/21)   Writing objects:  47% (10/21)   Writing objects:  52% (11/21)   Writing objects:  57% (12/21)   Writing objects:  61% (13/21)   Writing objects:  66% (14/21)   Writing objects:  71% (15/21)   Writing objects:  76% (16/21)   Writing objects:  80% (17/21)   Writing objects:  85% (18/21)   Writing objects:  90% (19/21)   Writing objects:  95% (20/21)   Writing objects: 100% (21/21)   Writing objects: 100% (21/21), 6.32 KiB | 404.00 KiB/s, done.
Total 21 (delta 10), reused 0 (delta 0)
remote: Resolving deltas:   0% (0/10)   [Kremote: Resolving deltas:  10% (1/10)   [Kremote: Resolving deltas:  20% (2/10)   [Kremote: Resolving deltas:  30% (3/10)   [Kremote: Resolving deltas:  40% (4/10)   [Kremote: Resolving deltas:  50% (5/10)   [Kremote: Resolving deltas:  60% (6/10)   [Kremote: Resolving deltas:  70% (7/10)   [Kremote: Resolving deltas:  80% (8/10)   [Kremote: Resolving deltas:  90% (9/10)   [Kremote: Resolving deltas: 100% (10/10)   [Kremote: Resolving deltas: 100% (10/10), completed with 10 local objects.[K
To github.com:jr-packages/jrAdvPackage.git
   8a6fcbe..e63e36c  master -> master
]0;/home/theo/GitHub/jr-packages/jrAdvPackage]0;theo@theo-Inspiron-5570: ~/GitHub/jr-packages/jrAdvPackage[01;32mtheo@theo-Inspiron-5570[00m:[01;34m~/GitHub/jr-packages/jrAdvPackage[00m$ git push commit -m ""removing testthat from imports"[A]0;theo@theo-Inspiron-5570: ~/GitHub/jr-packages/jrAdvPackage[01;32mtheo@theo-Inspiron-5570[00m:[01;34m~/GitHub/jr-packages/jrAdvPackage[00m$ [C[C[C[C[4Padd .
[K[A[C[C[C[C[C[C[C[C[C[C[C[C[C[C[C[C[C[C[C[C[C[C[C[C[C[C[C[C[C[C[C[C[C[C[C[C[C[C[C[C[C[C[C[C[C[C[C[C[C[C[C[C[C[C[C[C[C[C[C[C[C[C[C[C[C[C[C[C[C
]0;/home/theo/GitHub/jr-packages/jrAdvPackage]0;theo@theo-Inspiron-5570: ~/GitHub/jr-packages/jrAdvPackage[01;32mtheo@theo-Inspiron-5570[00m:[01;34m~/GitHub/jr-packages/jrAdvPackage[00m$ git add . [1Ppush[Ccommit -m ""removing testthat from imports"[1P"[1P"[1P"[1P"[1P"[1P"[1P"[1P"[1P"[1P"[1P"[1P"[1P"[1P"[1P"[1P"[1P"[1P"[1P"[1P"[1P"[1P"[1P"[1P"[1P"[1P"[1P"[1P"[1P"[1P"c"h"a"n"g"i"n"g" "p"a"c"k"a"g"e" "r"e"f"e"r"e"n"c"e"s" "t"o" "j"r"A"d"v"P"c"a"k"a"[1P"[1P"[1P"[1P"a"c"k"a"g"e"
[master ea4b9b5] changing package references to jrAdvPackage
 3 files changed, 18 insertions(+), 2 deletions(-)
]0;/home/theo/GitHub/jr-packages/jrAdvPackage]0;theo@theo-Inspiron-5570: ~/GitHub/jr-packages/jrAdvPackage[01;32mtheo@theo-Inspiron-5570[00m:[01;34m~/GitHub/jr-packages/jrAdvPackage[00m$ git push 
Counting objects: 9, done.
Delta compression using up to 8 threads.
Compressing objects:  11% (1/9)   Compressing objects:  22% (2/9)   Compressing objects:  33% (3/9)   Compressing objects:  44% (4/9)   Compressing objects:  55% (5/9)   Compressing objects:  66% (6/9)   Compressing objects:  77% (7/9)   Compressing objects:  88% (8/9)   Compressing objects: 100% (9/9)   Compressing objects: 100% (9/9), done.
Writing objects:  11% (1/9)   Writing objects:  22% (2/9)   Writing objects:  33% (3/9)   Writing objects:  44% (4/9)   Writing objects:  55% (5/9)   Writing objects:  66% (6/9)   Writing objects:  77% (7/9)   Writing objects:  88% (8/9)   Writing objects: 100% (9/9)   Writing objects: 100% (9/9), 1.37 KiB | 701.00 KiB/s, done.
Total 9 (delta 5), reused 0 (delta 0)
remote: Resolving deltas:   0% (0/5)   [Kremote: Resolving deltas:  20% (1/5)   [Kremote: Resolving deltas:  40% (2/5)   [Kremote: Resolving deltas:  60% (3/5)   [Kremote: Resolving deltas:  80% (4/5)   [Kremote: Resolving deltas: 100% (5/5)   [Kremote: Resolving deltas: 100% (5/5), completed with 5 local objects.[K
To github.com:jr-packages/jrAdvPackage.git
   e63e36c..ea4b9b5  master -> master
]0;/home/theo/GitHub/jr-packages/jrAdvPackage]0;theo@theo-Inspiron-5570: ~/GitHub/jr-packages/jrAdvPackage[01;32mtheo@theo-Inspiron-5570[00m:[01;34m~/GitHub/jr-packages/jrAdvPackage[00m$ [K]0;theo@theo-Inspiron-5570: ~/GitHub/jr-packages/jrAdvPackage[01;32mtheo@theo-Inspiron-5570[00m:[01;34m~/GitHub/jr-packages/jrAdvPackage[00m$ git push commit -m ""changing package references to jrAdvPackage"[A]0;theo@theo-Inspiron-5570: ~/GitHub/jr-packages/jrAdvPackage[01;32mtheo@theo-Inspiron-5570[00m:[01;34m~/GitHub/jr-packages/jrAdvPackage[00m$ [C[C[C[C[4Padd .
[K[A[C[C[C[C[C[C[C[C[C[C[C[C[C[C[C[C[C[C[C[C[C[C[C[C[C[C[C[C[C[C[C[C[C[C[C[C[C[C[C[C[C[C[C[C[C[C[C[C[C[C[C[C[C[C[C[C[C[C[C[C[C[C[C[C[C[C[C[C[C
^[[A]0;/home/theo/GitHub/jr-packages/jrAdvPackage]0;theo@theo-Inspiron-5570: ~/GitHub/jr-packages/jrAdvPackage[01;32mtheo@theo-Inspiron-5570[00m:[01;34m~/GitHub/jr-packages/jrAdvPackage[00m$ git add . [1Ppush[Ccommit -m ""changing package references to jrAdvPackage"[1P"[1P"[1P"[1P"[1P"[1P"[1P"[1P"[1P"[1P"[1P"[1P"[1P"[1P"[1P"[1P"[1P"[1P"[1P"[1P"[1P"[1P"[1P"[1P"[1P"[1P"[1P"[1P"[1P"[1P"[1P"[1P"[1P"[1P"[1P"[1P"[1P"[1P"[1P"[1P"[1P"[1P"[1P"M"I"N"O"R" "C"H"[1P"[1P"[1P"[1P"[1P"[1P"[1P"[1P"m"i"n"o"r" "c"h"a"n"g"e"
[master d1c8109] minor change
 5 files changed, 17 insertions(+), 2 deletions(-)
 delete mode 100644 vignettes/practical1.pdf
]0;/home/theo/GitHub/jr-packages/jrAdvPackage]0;theo@theo-Inspiron-5570: ~/GitHub/jr-packages/jrAdvPackage[01;32mtheo@theo-Inspiron-5570[00m:[01;34m~/GitHub/jr-packages/jrAdvPackage[00m$ git push 
Counting objects: 12, done.
Delta compression using up to 8 threads.
Compressing objects:   9% (1/11)   Compressing objects:  18% (2/11)   Compressing objects:  27% (3/11)   Compressing objects:  36% (4/11)   Compressing objects:  45% (5/11)   Compressing objects:  54% (6/11)   Compressing objects:  63% (7/11)   Compressing objects:  72% (8/11)   Compressing objects:  81% (9/11)   Compressing objects:  90% (10/11)   Compressing objects: 100% (11/11)   Compressing objects: 100% (11/11), done.
Writing objects:   8% (1/12)   Writing objects:  16% (2/12)   Writing objects:  25% (3/12)   Writing objects:  33% (4/12)   Writing objects:  41% (5/12)   Writing objects:  50% (6/12)   Writing objects:  58% (7/12)   Writing objects:  66% (8/12)   Writing objects:  75% (9/12)   Writing objects:  83% (10/12)   Writing objects:  91% (11/12)   Writing objects: 100% (12/12)   Writing objects: 100% (12/12), 1.38 KiB | 470.00 KiB/s, done.
Total 12 (delta 6), reused 0 (delta 0)
remote: Resolving deltas:   0% (0/6)   [Kremote: Resolving deltas:  16% (1/6)   [Kremote: Resolving deltas:  33% (2/6)   [Kremote: Resolving deltas:  50% (3/6)   [Kremote: Resolving deltas:  66% (4/6)   [Kremote: Resolving deltas:  83% (5/6)   [Kremote: Resolving deltas: 100% (6/6)   [Kremote: Resolving deltas: 100% (6/6), completed with 6 local objects.[K
To github.com:jr-packages/jrAdvPackage.git
   ea4b9b5..d1c8109  master -> master
]0;/home/theo/GitHub/jr-packages/jrAdvPackage]0;theo@theo-Inspiron-5570: ~/GitHub/jr-packages/jrAdvPackage[01;32mtheo@theo-Inspiron-5570[00m:[01;34m~/GitHub/jr-packages/jrAdvPackage[00m$ git push commit -m ""minor change"[A]0;theo@theo-Inspiron-5570: ~/GitHub/jr-packages/jrAdvPackage[01;32mtheo@theo-Inspiron-5570[00m:[01;34m~/GitHub/jr-packages/jrAdvPackage[00m$ [C[C[C[C[4Padd .
[K[A[C[C[C[C[C[C[C[C[C[C[C[C[C[C[C[C[C[C[C[C[C[C[C[C[C[C[C[C[C[C[C[C[C[C[C[C[C[C[C[C[C[C[C[C[C[C[C[C[C[C[C[C[C[C[C[C[C[C[C[C[C[C[C[C[C[C[C[C[C

]0;/home/theo/GitHub/jr-packages/jrAdvPackage]0;theo@theo-Inspiron-5570: ~/GitHub/jr-packages/jrAdvPackage[01;32mtheo@theo-Inspiron-5570[00m:[01;34m~/GitHub/jr-packages/jrAdvPackage[00m$ 
]0;/home/theo/GitHub/jr-packages/jrAdvPackage]0;theo@theo-Inspiron-5570: ~/GitHub/jr-packages/jrAdvPackage[01;32mtheo@theo-Inspiron-5570[00m:[01;34m~/GitHub/jr-packages/jrAdvPackage[00m$ 
]0;/home/theo/GitHub/jr-packages/jrAdvPackage]0;theo@theo-Inspiron-5570: ~/GitHub/jr-packages/jrAdvPackage[01;32mtheo@theo-Inspiron-5570[00m:[01;34m~/GitHub/jr-packages/jrAdvPackage[00m$ git push commit -m ""minor change"[A]0;theo@theo-Inspiron-5570: ~/GitHub/jr-packages/jrAdvPackage[01;32mtheo@theo-Inspiron-5570[00m:[01;34m~/GitHub/jr-packages/jrAdvPackage[00m$ [C[C[C[C[4Padd .
[K[A[C[C[C[C[C[C[C[C[C[C[C[C[C[C[C[C[C[C[C[C[C[C[C[C[C[C[C[C[C[C[C[C[C[C[C[C[C[C[C[C[C[C[C[C[C[C[C[C[C[C[C[C[C[C[C[C[C[C[C[C[C[C[C[C[C[C[C[C[C
]0;/home/theo/GitHub/jr-packages/jrAdvPackage]0;theo@theo-Inspiron-5570: ~/GitHub/jr-packages/jrAdvPackage[01;32mtheo@theo-Inspiron-5570[00m:[01;34m~/GitHub/jr-packages/jrAdvPackage[00m$ git add . [1Ppush[Ccommit -m ""minor change"
[master dc88c68] minor change
 5 files changed, 24 insertions(+), 4 deletions(-)
 create mode 100644 vignettes/practical1.pdf
]0;/home/theo/GitHub/jr-packages/jrAdvPackage]0;theo@theo-Inspiron-5570: ~/GitHub/jr-packages/jrAdvPackage[01;32mtheo@theo-Inspiron-5570[00m:[01;34m~/GitHub/jr-packages/jrAdvPackage[00m$ git commit -m ""minor change"[A]0;theo@theo-Inspiron-5570: ~/GitHub/jr-packages/jrAdvPackage[01;32mtheo@theo-Inspiron-5570[00m:[01;34m~/GitHub/jr-packages/jrAdvPackage[00m$ [C[C[C[C[4Padd .
[K[A[C[C[C[C[C[C[C[C[C[C[C[C[C[C[C[C[C[C[C[C[C[C[C[C[C[C[C[C[C[C[C[C[C[C[C[C[C[C[C[C[C[C[C[C[C[C[C[C[C[C[C[C[C[C[C[C[C[C[C[C[C[C[C[C[C[C[C[C[C[1Ppush[C
Counting objects: 11, done.
Delta compression using up to 8 threads.
Compressing objects:   9% (1/11)   Compressing objects:  18% (2/11)   Compressing objects:  27% (3/11)   Compressing objects:  36% (4/11)   Compressing objects:  45% (5/11)   Compressing objects:  54% (6/11)   Compressing objects:  63% (7/11)   Compressing objects:  72% (8/11)   Compressing objects:  81% (9/11)   Compressing objects:  90% (10/11)   Compressing objects: 100% (11/11)   Compressing objects: 100% (11/11), done.
Writing objects:   9% (1/11)   Writing objects:  18% (2/11)   Writing objects:  27% (3/11)   Writing objects:  36% (4/11)   Writing objects:  45% (5/11)   Writing objects:  54% (6/11)   Writing objects:  63% (7/11)   Writing objects:  72% (8/11)   Writing objects:  81% (9/11)   Writing objects:  90% (10/11)   Writing objects: 100% (11/11)   Writing objects: 100% (11/11), 38.60 KiB | 6.43 MiB/s, done.
Total 11 (delta 6), reused 0 (delta 0)
remote: Resolving deltas:   0% (0/6)   [Kremote: Resolving deltas:  16% (1/6)   [Kremote: Resolving deltas:  33% (2/6)   [Kremote: Resolving deltas:  50% (3/6)   [Kremote: Resolving deltas:  66% (4/6)   [Kremote: Resolving deltas:  83% (5/6)   [Kremote: Resolving deltas: 100% (6/6)   [Kremote: Resolving deltas: 100% (6/6), completed with 6 local objects.[K
To github.com:jr-packages/jrAdvPackage.git
   d1c8109..dc88c68  master -> master
^[[A^[[A]0;/home/theo/GitHub/jr-packages/jrAdvPackage]0;theo@theo-Inspiron-5570: ~/GitHub/jr-packages/jrAdvPackage[01;32mtheo@theo-Inspiron-5570[00m:[01;34m~/GitHub/jr-packages/jrAdvPackage[00m$ git push commit -m ""minor change"[A]0;theo@theo-Inspiron-5570: ~/GitHub/jr-packages/jrAdvPackage[01;32mtheo@theo-Inspiron-5570[00m:[01;34m~/GitHub/jr-packages/jrAdvPackage[00m$ [C[C[C[C[4Padd .
[K[A[C[C[C[C[C[C[C[C[C[C[C[C[C[C[C[C[C[C[C[C[C[C[C[C[C[C[C[C[C[C[C[C[C[C[C[C[C[C[C[C[C[C[C[C[C[C[C[C[C[C[C[C[C[C[C[C[C[C[C[C[C[C[C[C[C[C[C[C[C[1Ppush[Ccommit -m ""minor change"[A]0;theo@theo-Inspiron-5570: ~/GitHub/jr-packages/jrAdvPackage[01;32mtheo@theo-Inspiron-5570[00m:[01;34m~/GitHub/jr-packages/jrAdvPackage[00m$ [C[C[C[C[4Padd .
[K[A[C[C[C[C[C[C[C[C[C[C[C[C[C[C[C[C[C[C[C[C[C[C[C[C[C[C[C[C[C[C[C[C[C[C[C[C[C[C[C[C[C[C[C[C[C[C[C[C[C[C[C[C[C[C[C[C[C[C[C[C[C[C[C[C[C[C[C[C[C[1Ppush[C[1@add .[Ccommit -m ""minor change"[A]0;theo@theo-Inspiron-5570: ~/GitHub/jr-packages/jrAdvPackage[01;32mtheo@theo-Inspiron-5570[00m:[01;34m~/GitHub/jr-packages/jrAdvPackage[00m$ [C[C[C[C[5Ppush
[K[A[C[C[C[C[C[C[C[C[C[C[C[C[C[C[C[C[C[C[C[C[C[C[C[C[C[C[C[C[C[C[C[C[C[C[C[C[C[C[C[C[C[C[C[C[C[C[C[C[C[C[C[C[C[C[C[C[C[C[C[C[C[C[C[C[C[C[C[C[1@add .[Ccommit -m ""minor change"[A]0;theo@theo-Inspiron-5570: ~/GitHub/jr-packages/jrAdvPackage[01;32mtheo@theo-Inspiron-5570[00m:[01;34m~/GitHub/jr-packages/jrAdvPackage[00m$ [C[C[C[C[5Ppush
[K[A[C[C[C[C[C[C[C[C[C[C[C[C[C[C[C[C[C[C[C[C[C[C[C[C[C[C[C[C[C[C[C[C[C[C[C[C[C[C[C[C[C[C[C[C[C[C[C[C[C[C[C[C[C[C[C[C[C[C[C[C[C[C[C[C[C[C[C[C[Kgit push commit -m ""minor change"[A]0;theo@theo-Inspiron-5570: ~/GitHub/jr-packages/jrAdvPackage[01;32mtheo@theo-Inspiron-5570[00m:[01;34m~/GitHub/jr-packages/jrAdvPackage[00m$ [C[C[C[C[4Padd .
[K[A[C[C[C[C[C[C[C[C[C[C[C[C[C[C[C[C[C[C[C[C[C[C[C[C[C[C[C[C[C[C[C[C[C[C[C[C[C[C[C[C[C[C[C[C[C[C[C[C[C[C[C[C[C[C[C[C[C[C[C[C[C[C[C[C[C[C[C[C[C[1Ppush[C[1@add .[C
]0;/home/theo/GitHub/jr-packages/jrAdvPackage]0;theo@theo-Inspiron-5570: ~/GitHub/jr-packages/jrAdvPackage[01;32mtheo@theo-Inspiron-5570[00m:[01;34m~/GitHub/jr-packages/jrAdvPackage[00m$ git add . [1Ppush[Ccommit -m ""minor change"
[master 8050b6d] minor change
 9 files changed, 28 insertions(+), 11 deletions(-)
 rewrite vignettes/practical1.pdf (72%)
 rewrite vignettes/practical2.pdf (84%)
]0;/home/theo/GitHub/jr-packages/jrAdvPackage]0;theo@theo-Inspiron-5570: ~/GitHub/jr-packages/jrAdvPackage[01;32mtheo@theo-Inspiron-5570[00m:[01;34m~/GitHub/jr-packages/jrAdvPackage[00m$ git commit -m ""minor change"[A]0;theo@theo-Inspiron-5570: ~/GitHub/jr-packages/jrAdvPackage[01;32mtheo@theo-Inspiron-5570[00m:[01;34m~/GitHub/jr-packages/jrAdvPackage[00m$ [C[C[C[C[4Padd .
[K[A[C[C[C[C[C[C[C[C[C[C[C[C[C[C[C[C[C[C[C[C[C[C[C[C[C[C[C[C[C[C[C[C[C[C[C[C[C[C[C[C[C[C[C[C[C[C[C[C[C[C[C[C[C[C[C[C[C[C[C[C[C[C[C[C[C[C[C[C[C[1Ppush[C
Counting objects: 15, done.
Delta compression using up to 8 threads.
Compressing objects:   6% (1/15)   Compressing objects:  13% (2/15)   Compressing objects:  20% (3/15)   Compressing objects:  26% (4/15)   Compressing objects:  33% (5/15)   Compressing objects:  40% (6/15)   Compressing objects:  46% (7/15)   Compressing objects:  53% (8/15)   Compressing objects:  60% (9/15)   Compressing objects:  66% (10/15)   Compressing objects:  73% (11/15)   Compressing objects:  80% (12/15)   Compressing objects:  86% (13/15)   Compressing objects:  93% (14/15)   Compressing objects: 100% (15/15)   Compressing objects: 100% (15/15), done.
Writing objects:   6% (1/15)   Writing objects:  13% (2/15)   Writing objects:  20% (3/15)   Writing objects:  26% (4/15)   Writing objects:  33% (5/15)   Writing objects:  40% (6/15)   Writing objects:  46% (7/15)   Writing objects:  53% (8/15)   Writing objects:  60% (9/15)   Writing objects:  66% (10/15)   Writing objects:  73% (11/15)   Writing objects:  80% (12/15)   Writing objects:  86% (13/15)   Writing objects:  93% (14/15)   Writing objects: 100% (15/15)   Writing objects: 100% (15/15), 79.17 KiB | 6.60 MiB/s, done.
Total 15 (delta 9), reused 0 (delta 0)
remote: Resolving deltas:   0% (0/9)   [Kremote: Resolving deltas:  11% (1/9)   [Kremote: Resolving deltas:  22% (2/9)   [Kremote: Resolving deltas:  33% (3/9)   [Kremote: Resolving deltas:  44% (4/9)   [Kremote: Resolving deltas:  55% (5/9)   [Kremote: Resolving deltas:  66% (6/9)   [Kremote: Resolving deltas:  77% (7/9)   [Kremote: Resolving deltas:  88% (8/9)   [Kremote: Resolving deltas: 100% (9/9)   [Kremote: Resolving deltas: 100% (9/9), completed with 9 local objects.[K
To github.com:jr-packages/jrAdvPackage.git
   dc88c68..8050b6d  master -> master
[K]0;theo@theo-Inspiron-5570: ~/GitHub/jr-packages/jrAdvPackage[01;32mtheo@theo-Inspiron-5570[00m:[01;34m~/GitHub/jr-packages/jrAdvPackaage[00m$ git stats[Kus 
On branch master
Your branch is up-to-date with 'origin/master'.

Changes not staged for commit:
  (use "git add/rm <file>..." to update what will be committed)
  (use "git checkout -- <file>..." to discard changes in working directory)

	[31mmodified:   .Rproj.user/E4EEB987/console06/B9079AD0[m
	[31mmodified:   .Rproj.user/E4EEB987/console06/B9079AD0.env[m
	[31mmodified:   .Rproj.user/E4EEB987/console06/INDEX001[m
	[31mmodified:   .Rproj.user/shared/notebooks/paths[m
	[31mmodified:   vignettes/practical1.pdf[m
	[31mmodified:   vignettes/practical2.pdf[m
	[31mmodified:   vignettes/practical2_content.Rmd[m
	[31mmodified:   vignettes/practical3.Rnw[m
	[31mdeleted:    vignettes/practical3.log[m
	[31mmodified:   vignettes/practical3.tex[m

no changes added to commit (use "git add" and/or "git commit -a")
]0;/home/theo/GitHub/jr-packages/jrAdvPackage]0;theo@theo-Inspiron-5570: ~/GitHub/jr-packages/jrAdvPackage[01;32mtheo@theo-Inspiron-5570[00m:[01;34m~/GitHub/jr-packages/[KjjrAdvPackage[00m$ [K[A]0;theo@theo-Inspiron-5570: ~/GitHub/jr-packages/jrAdvPackage[01;32mtheo@theo-Inspiron-5570[00m:[01;34m~/GitHub/jr-packages/jjrAdvPackage[00m$ [K[A]0;theo@theo-Inspiron-5570: ~/GitHub/jr-packages/jrAdvPackage[01;32mtheo@theo-Inspiron-5570[00m:[01;34m~/GitHub/jr-packages/jjrAdvPackage[00m$ git status 
On branch master
Your branch is up-to-date with 'origin/master'.

Changes not staged for commit:
  (use "git add/rm <file>..." to update what will be committed)
  (use "git checkout -- <file>..." to discard changes in working directory)

	[31mmodified:   .Rproj.user/E4EEB987/console06/B9079AD0[m
	[31mmodified:   .Rproj.user/E4EEB987/console06/B9079AD0.env[m
	[31mmodified:   .Rproj.user/E4EEB987/console06/INDEX001[m
	[31mmodified:   .Rproj.user/E4EEB987/sources/prop/INDEX[m
	[31mmodified:   .Rproj.user/shared/notebooks/paths[m
	[31mmodified:   vignettes/practical1.pdf[m
	[31mmodified:   vignettes/practical2.pdf[m
	[31mmodified:   vignettes/practical2_content.Rmd[m
	[31mmodified:   vignettes/practical3.R[m
	[31mdeleted:    vignettes/practical3.Rnw[m
	[31mmodified:   vignettes/practical3.aux[m
	[31mdeleted:    vignettes/practical3.log[m
	[31mmodified:   vignettes/practical3.out[m
	[31mdeleted:    vignettes/practical3.pdf[m
	[31mdeleted:    vignettes/practical3.tex[m

Untracked files:
  (use "git add <file>..." to include in what will be committed)

	[31mvignettes/knitr_figure/[m
	[31mvignettes/practical3.Rmd[m

no changes added to commit (use "git add" and/or "git commit -a")
]0;/home/theo/GitHub/jr-packages/jrAdvPackage]0;theo@theo-Inspiron-5570: ~/GitHub/jr-packages/jrAdvPackage[01;32mtheo@theo-Inspiron-5570[00m:[01;34m~/GitHub/jr-packages/jjrAdvPackage[00m$ [K[A]0;theo@theo-Inspiron-5570: ~/GitHub/jr-packages/jrAdvPackage[01;32mtheo@theo-Inspiron-5570[00m:[01;34m~/GitHub/jr-packages/jjrAdvPackage[00m$ git sr[Ktats[Kus 
On branch master
Your branch is up-to-date with 'origin/master'.

Changes not staged for commit:
  (use "git add/rm <file>..." to update what will be committed)
  (use "git checkout -- <file>..." to discard changes in working directory)

	[31mmodified:   .Rproj.user/E4EEB987/console06/B9079AD0[m
	[31mmodified:   .Rproj.user/E4EEB987/console06/B9079AD0.env[m
	[31mmodified:   .Rproj.user/E4EEB987/console06/INDEX001[m
	[31mmodified:   .Rproj.user/E4EEB987/sources/prop/INDEX[m
	[31mmodified:   .Rproj.user/shared/notebooks/paths[m
	[31mmodified:   vignettes/practical1.pdf[m
	[31mmodified:   vignettes/practical2.pdf[m
	[31mmodified:   vignettes/practical2_content.Rmd[m
	[31mmodified:   vignettes/practical3.R[m
	[31mdeleted:    vignettes/practical3.Rnw[m
	[31mmodified:   vignettes/practical3.aux[m
	[31mdeleted:    vignettes/practical3.log[m
	[31mmodified:   vignettes/practical3.out[m
	[31mmodified:   vignettes/practical3.pdf[m
	[31mdeleted:    vignettes/practical3.tex[m

Untracked files:
  (use "git add <file>..." to include in what will be committed)

	[31mvignettes/knitr_figure/[m
	[31mvignettes/practical3.Rmd[m

no changes added to commit (use "git add" and/or "git commit -a")
]0;/home/theo/GitHub/jr-packages/jrAdvPackage]0;theo@theo-Inspiron-5570: ~/GitHub/jr-packages/jrAdvPackage[01;32mtheo@theo-Inspiron-5570[00m:[01;34m~/GitHub/jr-packages/jjrAdvPackage[00m$ [K[A]0;theo@theo-Inspiron-5570: ~/GitHub/jr-packages/jrAdvPackage[01;32mtheo@theo-Inspiron-5570[00m:[01;34m~/GitHub/jr-packages/jjrAdvPackage[00m$ git add . 
]0;/home/theo/GitHub/jr-packages/jrAdvPackage]0;theo@theo-Inspiron-5570: ~/GitHub/jr-packages/jrAdvPackage[01;32mtheo@theo-Inspiron-5570[00m:[01;34m~/GitHub/jr-packages/jjrAdvPackage[00m$ git commit -m ""p"r"a"c"t"c"a"[1P"[1P"i"c"a"l"3" "c"n"v"e" [A[C[C[C[C[C[C[C[C[C[C[C[C[C[C[C[C[C[C[C[C[C[C[C[C[C[C[C[C[C[C[C[C[C[C[C[C[C[C[C[C[C[C[Cr""t"e"d"[1P"[1P"[1P"[A[C[C[C[C[C[C[C[C[C[C[C[C[C[C[C[C[C[C[C[C[C[C[C[C[C[C[C[C[C[C[C[C[C[C[C[C[C[C[C[C[C[C[C[C" [K[A[C[C[C[C[C[C[C[C[C[C[C[C[C[C[C[C[C[C[C[C[C[C[C[C[C[C[C[C[C[C[C[C[C[C[C[C[C[C[C[C[C[C[C[C[1P"
[K[A[C[C[C[C[C[C[C[C[C[C[C[C[C[C[C[C[C[C[C[C[C[C[C[C[C[C[C[C[C[C[C[C[C[C[C[C[C[C[C[C[C[C[C[1P"[1P"n"o"[1P"[1P"o"n"v" [A[C[C[C[C[C[C[C[C[C[C[C[C[C[C[C[C[C[C[C[C[C[C[C[C[C[C[C[C[C[C[C[C[C[C[C[C[C[C[C[C[C[C[Ce""r"t"e"d" "t"o" "r"m"d"
[master d80f374] practical3 converted to rmd
 16 files changed, 772 insertions(+), 2725 deletions(-)
 rewrite .Rproj.user/E4EEB987/console06/INDEX001 (86%)
 rewrite vignettes/practical1.pdf (71%)
 rewrite vignettes/practical2.pdf (67%)
 create mode 100644 vignettes/practical3.Rmd
 delete mode 100644 vignettes/practical3.Rnw
 rewrite vignettes/practical3.aux (72%)
 delete mode 100644 vignettes/practical3.log
 rewrite vignettes/practical3.out (100%)
 rewrite vignettes/practical3.pdf (96%)
 delete mode 100644 vignettes/practical3.tex
]0;/home/theo/GitHub/jr-packages/jrAdvPackage]0;theo@theo-Inspiron-5570: ~/GitHub/jr-packages/jrAdvPackage[01;32mtheo@theo-Inspiron-5570[00m:[01;34m~/GitHub/jr-packages/jjrAdvPackage[00m$ git push 
Counting objects: 23, done.
Delta compression using up to 8 threads.
Compressing objects:   4% (1/21)   Compressing objects:   9% (2/21)   Compressing objects:  14% (3/21)   Compressing objects:  19% (4/21)   Compressing objects:  23% (5/21)   Compressing objects:  28% (6/21)   Compressing objects:  33% (7/21)   Compressing objects:  38% (8/21)   Compressing objects:  42% (9/21)   Compressing objects:  47% (10/21)   Compressing objects:  52% (11/21)   Compressing objects:  57% (12/21)   Compressing objects:  61% (13/21)   Compressing objects:  66% (14/21)   Compressing objects:  71% (15/21)   Compressing objects:  76% (16/21)   Compressing objects:  80% (17/21)   Compressing objects:  85% (18/21)   Compressing objects:  90% (19/21)   Compressing objects:  95% (20/21)   Compressing objects: 100% (21/21)   Compressing objects: 100% (21/21), done.
Writing objects:   4% (1/23)   Writing objects:   8% (2/23)   Writing objects:  13% (3/23)   Writing objects:  17% (4/23)   Writing objects:  21% (5/23)   Writing objects:  26% (6/23)   Writing objects:  30% (7/23)   Writing objects:  34% (8/23)   Writing objects:  39% (9/23)   Writing objects:  43% (10/23)   Writing objects:  47% (11/23)   Writing objects:  52% (12/23)   Writing objects:  56% (13/23)   Writing objects:  60% (14/23)   Writing objects:  65% (15/23)   Writing objects:  69% (16/23)   Writing objects:  73% (17/23)   Writing objects:  78% (18/23)   Writing objects:  82% (19/23)   Writing objects:  86% (20/23)   Writing objects:  91% (21/23)   Writing objects:  95% (22/23)   Writing objects: 100% (23/23)   Writing objects: 100% (23/23), 277.36 KiB | 3.05 MiB/s, done.
Total 23 (delta 8), reused 0 (delta 0)
remote: Resolving deltas:   0% (0/8)   [Kremote: Resolving deltas:  12% (1/8)   [Kremote: Resolving deltas:  25% (2/8)   [Kremote: Resolving deltas:  37% (3/8)   [Kremote: Resolving deltas:  50% (4/8)   [Kremote: Resolving deltas:  62% (5/8)   [Kremote: Resolving deltas:  75% (6/8)   [Kremote: Resolving deltas:  87% (7/8)   [Kremote: Resolving deltas: 100% (8/8)   [Kremote: Resolving deltas: 100% (8/8), completed with 8 local objects.[K
To github.com:jr-packages/jrAdvPackage.git
   8050b6d..d80f374  master -> master
]0;/home/theo/GitHub/jr-packages/jrAdvPackage]0;theo@theo-Inspiron-5570: ~/GitHub/jr-packages/jrAdvPackage[01;32mtheo@theo-Inspiron-5570[00m:[01;34m~/GitHub/jr-packages/jjrAdvPackage[00m$ git status 
On branch master
Your branch is up-to-date with 'origin/master'.

Changes not staged for commit:
  (use "git add/rm <file>..." to update what will be committed)
  (use "git checkout -- <file>..." to discard changes in working directory)

	[31mmodified:   .Rproj.user/E4EEB987/console06/B9079AD0[m
	[31mmodified:   .Rproj.user/E4EEB987/sources/prop/INDEX[m
	[31mdeleted:    vignettes/practical1.pdf[m
	[31mmodified:   vignettes/practical1_contents.Rmd[m
	[31mdeleted:    vignettes/practical2.pdf[m
	[31mdeleted:    vignettes/solutions2.pdf[m

no changes added to commit (use "git add" and/or "git commit -a")
]0;/home/theo/GitHub/jr-packages/jrAdvPackage]0;theo@theo-Inspiron-5570: ~/GitHub/jr-packages/jrAdvPackage[01;32mtheo@theo-Inspiron-5570[00m:[01;34m~/GitHub/jr-packages/jjrAdvPackage[00m$ [K[A]0;theo@theo-Inspiron-5570: ~/GitHub/jr-packages/jrAdvPackage[01;32mtheo@theo-Inspiron-5570[00m:[01;34m~/GitHub/jr-packages/jrAdvPackage[00m$ gi t status 
On branch master
Your branch is up-to-date with 'origin/master'.

Changes not staged for commit:
  (use "git add/rm <file>..." to update what will be committed)
  (use "git checkout -- <file>..." to discard changes in working directory)

	[31mmodified:   .Rproj.user/E4EEB987/console06/B9079AD0[m
	[31mmodified:   .Rproj.user/E4EEB987/console06/INDEX001[m
	[31mmodified:   .Rproj.user/E4EEB987/sources/prop/INDEX[m
	[31mdeleted:    vignettes/practical1.pdf[m
	[31mmodified:   vignettes/practical1_contents.Rmd[m
	[31mdeleted:    vignettes/practical2.pdf[m
	[31mdeleted:    vignettes/solutions2.pdf[m

no changes added to commit (use "git add" and/or "git commit -a")
]0;/home/theo/GitHub/jr-packages/jrAdvPackage]0;theo@theo-Inspiron-5570: ~/GitHub/jr-packages/jrAdvPackage[01;32mtheo@theo-Inspiron-5570[00m:[01;34m~/GitHub/jr-packages/jrAdvPackage[00m$ gitt status [C[C[2Ppush[C[C[Ccommit -m "practical3 converted to rmd"[C[Cadd . [K